// Jest Snapshot v1, https://goo.gl/fbAQLP

exports[`<ContactInfoList /> ContactInfoList renders correctly 1`] = `
<View
  style={
    Object {
      "flex": 4,
      "margin": 10,
    }
  }
>
  <RCTScrollView
    ItemSeparatorComponent={[Function]}
    data={undefined}
    disableVirtualization={false}
    getItem={[Function]}
    getItemCount={[Function]}
    horizontal={false}
    initialNumToRender={10}
    keyExtractor={[Function]}
    maxToRenderPerBatch={10}
    numColumns={1}
    onContentSizeChange={[Function]}
    onEndReachedThreshold={2}
    onLayout={[Function]}
    onMomentumScrollEnd={[Function]}
    onScroll={[Function]}
    onScrollBeginDrag={[Function]}
    onScrollEndDrag={[Function]}
    renderItem={[Function]}
    scrollEventThrottle={50}
    stickyHeaderIndices={Array []}
    updateCellsBatchingPeriod={50}
    viewabilityConfigCallbackPairs={Array []}
    windowSize={21}
  >
    <View />
  </RCTScrollView>
</View>
`;

exports[`<ParkingSpotDetail /> ParkingSpotDetail renders correctly 1`] = `
<RCTScrollView
  style={
    Object {
      "flex": 1,
    }
  }
>
  <View>
    <View>
      <View
        style={
          Object {
            "flex": 4,
            "margin": 10,
          }
        }
      >
        <View
          style={
            Object {
              "alignItems": "center",
              "flexDirection": "row",
              "justifyContent": "flex-start",
              "paddingLeft": 5,
            }
          }
        >
          <View
            style={
              Object {
                "flex": 1,
                "flexDirection": "row",
                "justifyContent": "center",
              }
            }
          >
            <Text
              accessible={true}
              allowFontScaling={false}
              ellipsizeMode="tail"
              style={
                Array [
                  Object {
                    "color": undefined,
                    "fontSize": 12,
                  },
                  Object {
                    "color": "#38414e",
                    "fontSize": 18,
                  },
                  Object {
                    "fontFamily": "FontAwesome",
                    "fontStyle": "normal",
                    "fontWeight": "normal",
                  },
                ]
              }
            >
              
            </Text>
          </View>
          <Text
            accessible={true}
            allowFontScaling={true}
            ellipsizeMode="tail"
            style={
              Object {
                "color": "#000",
                "flex": 8,
                "fontSize": 18,
                "textAlign": "left",
              }
            }
          >
            It is $1 per hour.
          </Text>
        </View>
      </View>
      <View
        style={
          Object {
            "flex": 4,
            "margin": 10,
          }
        }
      >
        <View
          style={
            Object {
              "alignItems": "center",
              "flexDirection": "row",
              "justifyContent": "flex-start",
              "paddingLeft": 5,
            }
          }
        >
          <View
            style={
              Object {
                "flex": 1,
                "flexDirection": "row",
                "justifyContent": "center",
              }
            }
          >
            <Text
              accessible={true}
              allowFontScaling={false}
              ellipsizeMode="tail"
              style={
                Array [
                  Object {
                    "color": undefined,
                    "fontSize": 12,
                  },
                  Object {
                    "color": "#38414e",
                    "fontSize": 18,
                  },
                  Object {
                    "fontFamily": "FontAwesome",
                    "fontStyle": "normal",
                    "fontWeight": "normal",
                  },
                ]
              }
            >
              
            </Text>
          </View>
          <Text
            accessible={true}
            allowFontScaling={true}
            ellipsizeMode="tail"
            style={
              Object {
                "color": "#000",
                "flex": 8,
                "fontSize": 18,
                "textAlign": "left",
              }
            }
          >
            Time limit is 1 hour.
          </Text>
        </View>
      </View>
    </View>
    <Text
      accessible={true}
      allowFontScaling={true}
      ellipsizeMode="tail"
      style={
        Object {
          "color": "#000",
          "fontSize": 14,
          "paddingLeft": 5,
        }
      }
    />
  </View>
</RCTScrollView>
`;
