// Jest Snapshot v1, https://goo.gl/fbAQLP

exports[`<FaqList /> should handle LOAD_FAQ_LIST failure action 1`] = `
Array [
  Object {
    "payload": [Error: error],
    "type": "LOAD_FAQ_LIST_ERROR",
  },
]
`;

exports[`<FaqList /> should handle LOAD_FAQ_LIST success action 1`] = `
Array [
  Object {
    "payload": Object {
      "faqs": Array [
        Object {
          "text": "Frequently asked questions",
        },
      ],
    },
    "type": "LOAD_FAQ_LIST",
  },
]
`;
