// Jest Snapshot v1, https://goo.gl/fbAQLP

exports[`<Loader /> FaqList renders correctly 1`] = `
<View
  style={
    Object {
      "flex": 1,
      "flexDirection": "column",
      "justifyContent": "flex-start",
      "paddingTop": 10,
    }
  }
>
  <ActivityIndicator
    animating={true}
    color="#515c6d"
    hidesWhenStopped={true}
    size="large"
    style={undefined}
  />
</View>
`;
